661560 
682072 
29806 
144196 
126816 
403610 
0 
114988 
197886 
270595 
21685 
218266 
364779 
403 
56855 
17958 
27283 
197916 
95501 
211745 
118416 
130865 
195603 
39874 
45630 
226455 
36041 
18615 
43849 
545985 
190126 
217836 
327204 
496175 
388804 
610616 
95007 
35037 
49802 
644998 
520188 
513898 
55390 
376478 
67075 
330856 
81561 
774897 
306554 
9677 
629241 
249181 
33127 
22633 
93187 
127542 
115256 
295014 
211673 
81407 
9368 
393501 
113003 
457782 
385582 
96530 
453865 
9025 
404370 
334067 
55731 
32768 
318160 
705588 
554807 
39482 
856775 
0 
230174 
51845 
149880 
194468 
377711 
22069 
172616 
9400 
629282 
443464 
162354 
682356 
168587 
18995 
9084 
298219 
242857 
198029 
400836 
335467 
396566 
2056 
