Case #1:
1: P
2: P F 
3: P F O 
4: P F X O 
5: P F X L O 
6: P U F X L O 
7: P S U F X L O 
8: P S U F X H L O 
9: P B S U F H X L O 
10: P B S PT U F X H L O 
11: PP P B S PT U F H X L O 
12: PP P B S PT U PF F H X L O 
13: PP B PT F H L O P S U PF X PO 
14: PP B PT F PX H L O P S U PF X PO 
15: PP B PT F H PX L O P S U PF X PL PO 
16: PP B PT PU F PX H L O P S U PF X PL PO 
17: PP B PS PT PU F PX H L O P S U PF X PL PO 
18: PP B PS PT PU F PX H L O P S U PF PH X PL PO 
19: PP B PS PT PU F PX H L O P PB S U PF PH X PL PO 
20: PP B PS PT PU F H PX L FT O P PB S U PF PH X PL PO 
21: PP B PS PT PU F H PX FP L FT O P PB S U PF PH X PL PO 
22: FF PP B PS PT PU F H PX FP L FT O P PB S U PF PH X PL PO 
23: PP B PS PT PU F PX H FO FP L FT O P PB S U PF X PH PL PO 
24: FF PP B PS PT PU F PX H FO FP L FT O P FX PB S U PF PH X PL PO 
25: FF PP B PS PT FL F PX H FO FP L FT O P PB FX S U PF PH X PL PO 
26: PP FF B PS PT PU F FL H PX FO FP L FT FU O P FX S U X PB PF PH PL PO 
27: FF PP B PS PT PU F FL PX H FO FP L FS FT O FU P FX S U X PB PF PH PL PO 
28: FF PP FH B PS PT PU F FL PX H FO FP L FS FT FU O P FX S U X PB PF PH PL PO 
29: PP FF B FH PS PT PU FL F PX H FO FP L FS FT FU O P FX S U X PB PF PH PL FB PO 
30: PP FF FH B PS PT PU FL PX H FO FP L FS FT FU O P FX S U X OT PB PF PH FB PL PO 
31: FF PP FH B PS PT PU F FL H PX FO FP L FS FU O P FX S U X OP OT PB PF PH PL FB PO 
32: PP FF B FH PS PT PU FL F PX H FO FP L FS FT FU O P FX S U OF X OT PB PF PH FB PL PO 
33: PP FF B FH PS PT PU F FL H PX FO FP L FS FT FU O P FX U OF X OO OP OT PB PF FB PL PO 
34: PP FF FH B PS PT PU F FL PX H FO FP L FS FT FU O P FX S U OF X OO OP OT OX PB PF PH FB PL PO 
35: PP FF B FH PS PT PU F FL PX H FO FP L FS FT O FU P S U OF X OL OO OP OT OX PB PF PH PL FB PO 
36: PP FF FH B PS PT PU F FL H PX FO FP L FS FT FU P FX U X OL OO OP OU OX PB PF PH PL FB PO 
37: PP B FH PS PT PU F FL PX H FO FP L FS FU O P FX S OF X OL OO OP OT OU PB PF PH PL PO 
38: FF PP B FH PS PT PU FL F H PX FO FP L FS FT FU P FX S OF OH OL OO OP OS OT OU OX PB PF PH PL FB PO 
39: PP FF B FH PS PT PU F FL H PX FO FP L FS FT FU O P FX S OB U OF X OH OL OO OP OS OT OU OX PB PF PH FB PL PO 
40: FF PP FH B PS PT PU FL F PX FO FP L FS FT O FU P FX S OB U OF X OH OL OO OP OS OT OU OX PB PF PH XT PL FB PO 
41: PP FF FH B PS PT PU F FL PX H FO FP L FS FT FU O P FX OB U OF X OH OL OO OP OS OU OX PB PF PH XT PL FB PO 
42: PP FF FH B PS PT PU FL F H PX FO L FS FT FU O P FX S OB U OF X OH OL OO OS OT OU OX PB PF XP PH PL FB XT PO 
43: PP FF B FH PS PT PU F FL PX H FO FP FS FT FU O P FX OB S U OF X OH OL OO OP OS OT OU OX XF PF XP PL FB XT PO 
44: XX PP FF B PS PT PU FL F PX H FO FP L FT FU O P FX OB S U OF X OL OO OP OS OT OU OX XF PB PF XO PH FB PL XT PO 
45: XX PP FF FH B PS PT PU FL F PX H FO FP FS FT O FU P FX S OB U OF X OH OL OO OP OS OT OU OX XF PB XL PF XO PH XP PL FB XT PO 
46: PP FF XX B FH PS PT PU F FL PX H FO FP L FS FT FU O P FX OB S U OF X OH OL OO OP OS OT OU OX XF PB XL PF XO PH XP FB PL XU PO 
47: PP XX FF B FH PS PT PU FL F PX H FO L FS FT O FU FX S OB U OF X OH OL OO OP OS OT OU OX XF PB XL PF XO PH XS FB PL XU PO 
48: PP XX FF FH B PT PU FL F PX H FO FP L FS FU O P S OB U X OH OL OO OP OS OT OU OX XF XH PB XL PF XO PH XP XS PL XT XU 
49: PP XX B FH PS PT PU F FL PX FO L FS FT O FU P FX OB S OF OH OL OO OP OS OU OX XH PB XL PF XO PH XS FB XT PL XU PO 
50: FF XX PP FH B PS PT PU F FL H LT PX FO FP L FT FU O FX OB S OF X OH OL OP OS OT OU OX XB XF XH PB XL PF XO XP PH XS XT PL XU PO 
51: PP XX FF B FH PS LP PU F H LT FO FP L FS FT O FU P FX S OB U OF X OH OL OO OS OT XH PB XL XO XP PH XS FB XT XU PO 
52: XX FF PP B FH PS LP PU FL F LT H PX FO FP L FS O FU P OB S U OF X OH OL OP OS OT OU OX XB XF XH PB XL XO XP PH LF XS XT FB PL XU PO 
53: PP XX FH B LO PS LP PU FL F H LT FO FP L FT FU O P U OF X OH OO OP OS OT OU OX XB XF XL PF XP FB PL XT XU PO 
54: PP XX PS LO LP PT PU PX LX FB FF FH B F FL H FO FP L FS FT O P S U OF X OH OL OO OP OS OT OU OX XB XF XH PB XL PF XP PH LF XS PL XT XU PO 
55: XX LL B FH PS LO PU F FL PX FO FP LX FS FT FU FX OB OF X OL OO OP OS OT OU OX XF XH PB XL XO PH LF XS PL XT FB XU PO 
56: FF PP LL FH LO PS LP PU F H PX LT LU FO FP L LX FT FU P FX OB S U OF OH OO OP OS OT OU OX XB XF XH XL XO XP PH LF XS PL XT FB XU PO 
57: FF XX PP LL B FH PT LP PU F FL LS PX H LT LU FO FP L LX FS FT FU FX S OB U X OH OO OP OS OT OU OX XB XF XH PB XL XO XP PH LF FB PL PO 
58: PP FF FH B LO PS LP PT PU FL LT H PX LU LX L FS FU P FX OB U OF X OH OL OS OT OU OX XB XF XH PB XL PF XO XP PH LF XS FB XT LH PL 
59: PP LL XX LO PS LP PU LS PX LT LX FB FF B FH FL F H FO FP L FS FT FU O P FX S OB U OF X OH OL OO OP OS OT OU OX XB XF XH PB XL PF LB XO XP PH LF XS LH XT PL XU PO 
60: PP XX FH B PS LO PT PU FL F LS H LT LU FP LX L FS FU P FX S OB U X OH OO OP OS OT OU OX XB XF XL LB XO XP XS LH PL FB XT PO 
61: XX PP LL PS LO PT PU LS LT PX LU LX UP UT FB FH B F FL H FO FP FS O P FX S U OF X OH OO OP OT OU OX XB XF XL PF LB PH XP LF XS LH XT PL XU PO 
62: PP XX LL LO PS PT LP PU LS LT LU LX UF UP UT FB FF FH B F FL H FO FP L FS FT FU O FX S OF X OH OL OO OP OS OT OU XB XF XH PB LB XO PH LF XS LH XT PL XU PO 
63: FF XX PP LL LO PS LP PT PU FL LS H LT PX LU LX L FS FT FU O P UF FX OB U OH UO UP OL UT OP OU OX XB XF XH XL PF LB XO PH XP LF LH XT FB PO 
64: PP XX LO PT LP PU LS LT PX LU UF UO UP UT UX FB FF FH B F FL H FO FP L FS FT O FU FX S OB U OF X OH OL OO OP OS OT OX XH PB XL LB XO XP LF XS PL LH XT PO 
65: XX LL PS LO PT LS PX LT LU LX UL UO UP UT UX FB FF B FH F H FO L FS O FU FX OB S U OF X OH OL OO OS OT OU OX XB XF XL XO PH XP LF XS PL XT XU PO 
66: XX PP PS LO PT PU LS PX LU LX UF UL UO UP UU UX FB B FH FL F H FO FP L FS FU O P FX S OB U OF OL OO OS OU OX XB PB XL LB XO XP PH LF XS PL LH XT PO 
67: XX PS PT PU F LS H LT FP L LX FS FT FU FX OB S U UL OF UO UP US UT OO UU OP UX OS OT OU OX XB PB XL PF LB XO LF XT FB LH PL XU PO 
68: LL PP FH B LO PS LP PT F FL LT PX LU FP LX FS FT O P UF UH OB S U UL OH UO UP US OO UU OP UX OS OT OU XB XF PB LB XO PH LF FB LH PL XT XU 
69: PP XX LL PS PT LP PU LS PX LT LU LX UB UF UH UL UO UP US UT UX FB FF FH B F FL H FS FT O FU FX S OB OF X OH OO OP OS OT OU OX XB XF XH PF LB PH XP LF XS LH PL XT XU PO 
70: XX LL FF B FH PT FL LS LT PX H FO FP L LX FS FT FU O UF FX S U UL OH UO OL US OO UU OP UX OS OT OU XB XH PB PF XO XP LF LH FB XU PO 
71: PP XX PT LP LU UB UO UP US UT UU UX FB FH B FL F FO FS FT O FU P FX OB S OF X OH OL OP ST OT OU XB XF XH PB XL PF PH XP LF XS PL LH XT XU PO 
72: PP PS LO LP PT PU LT PX LU LX UB UF UO UP US UX FB FF B F H FP FS FU O P S SF OB U OF X OH OL SP OO OP OS OT OU OX XB XF XH XO PH LF PL XT XU PO 
73: XX LL PS LO LP PU LS PX LT LU LX UB UF UH UL UO UP UT UU UX FB FF H FO FP L FS FT FU O P FX SF S OB OF X SO SP OP OS OT OU OX XF XH PB XL PF LB XO XP LF XS PL PO 
74: LL PP PS LO LP PT PU LS PX LT LU LX UB UF UL UP US UT UU UX B FH FL H FO FP L FS FX OB S U OF X OH SO SP OL OO OP ST OS OT OX XB XF PB PF PH XP LF XT PL LH PO 
75: XX LL LO PS LP PT PU LS LT PX LU LX UB UF UH UL UO UP US UT UU UX FB FF B FH FL H FO FP FS FU P FX SF U OF X SL OH SO OL OO OT OU OX XB PB XL LB PF XO PH XP LF PL XT XU PO 
76: PP XX PS LO PT LP PU LS LT PX UB UH UL UO UP UT UU FB FF FH B F FL H FO FS FT O P SF OB U OF X SL OH SO SP OL OP OS SX OU OX XB XF XH PB XL LB PF XP LF XS LH PL XU PO 
77: PP XX LO PS PT LP LS PX LT LU LX UF UH UL UP UT UX FF B FL H FP L FS FT O FU FX OB SF U OF OH SL SO OL SS SU OS SX OU OX XB XF XH XO XP LF XS LH XT PL XU PO 
78: XX LO LP PT PU LS LT LU UB UF UL UO UP US UU UX FB FF B FH F H FP L FS FT FU O P FX S OB SF U OF X OH SL SO SS OO OP ST SU OS SX OT OU OX XF XH PF LB XO PH XP LF LH PL XU PO 
79: XX LL LO LP PT LT LU LX UB UF UH UL UO UP US UT UU UX FB FF FH F FL H FO FS FT O SB FX SF S U X OH OL SP OO ST OP OS OT SX XB XF XH PB XL PF XO PH XP LF XS XT PL XU 
80: XX PP LO PS PT LP PU PX LU LX HT UB UF UP UU UX FB FF FH B FO FP L FS FT SB P SF S OH SL SP OL OO OP ST SU OS SX PB LB PF XO PH LF PL XT LH XU PO 
81: XX LO PS PT LP PU LS HP PX HT UF UH UL UO UP UT UU UX FB FF FH F H L FS FT SB FU O P FX S SF OB OF X OH SL SO OL SS OO ST OP SU OS OT SX OX XB XF PB XL PF LB XO XP LH XT PL XU PO 
82: XX PP LL PS LO LP PU LS PX HP LT HT LX UB UF UL UP US UT UU UX FB FF FH F FL FO FP L FS FT O SB P SF S U OF X OH SL SO SP OL OO SS ST SU OS OT SX OU OX XB XH PB XL PF LB XP XS XT PL LH XU 
83: PP XX LL PS LO PT LP PU LS HP PX LX UF UL UO UP UT UU UX FB FF FH B F FL H FP L FS FT SB FU FX S OB U SH SL SO SP OL SS OP SU OS OT SX OU OX XB XH PB XL PF LB PH XP XS XT PL HF 
84: XX PP LO PS PT PU HP LU HT LX UB HX UF UH UL UP US UT UU UX FB FF FL H FP L FS FT SB FU P FX S SF OB SH OF X OH SO SS OO SU OS SX OT XB XH PB XL PF LB XO XP PH LF XS XT LH XU HF 
85: PP LL HL PT PU LS HO PX HP LT LU LX HT HX UF UH UL UO UT UU UX FB FL F H FO FP L FS SB O SF S U OF SL SP SS SU OS OT OX XB XF XH XL LB XP PH LF PL LH XT XU HF PO 
86: XX PP LL LO PS PT PU LS HP PX LU LX HT HU HX UF UH UL UP US UT UU FH B F H FO L FS FT SB O FU P S OB SH U OF OH SL SO OL SP SS OO OP OS OT SX OU XB XF XH LB PH LF XS XT PL LH HF 
87: XX PP LL LO HL PT HO LS PX HS HT LX HU UB UF UP US UT UU UX FB FH FL F L O FU P FX SF SH SL OH SO SP SS ST OP SU OS SX OX XB PB XL LB PF XO PH XP XT LH XU HF PO 
88: PP XX LO PT HL LP LS LT PX HS HT LX HU UB HX UF UH UP US UT UU UX B FH FL FP FS SB O P FX SF OB S SH OF SL SO OL SP SS ST SU OS OT SX OU OX XB XF XH XL PF LB XO PH XP LF XT PO 
89: PP XX LL LO PS LP HL PT PU LS HO LT PX HP LU HS HT LX HU UB UF UH UL UO UP US UU UX FF B FH F FO FP FS FT O P FX OB SF SH OF X SL SO SP OL SS ST OP SU OS SX OU XB XF XH PB LB XO PH XS PL LH HF PO 
90: PP HH PS LO PT HL LP PU LS HO PX LT HP LU LX HT HU UB HX UF UH UO UP UT UU UX FB B F FL L FS FT SB O BT SF OB SH U OF X SL OH SP OL OO SS ST OP SU OS OT SX OU OX XF XH PB XL PF LB XO PH XP LF HB XS LH PL XU 
91: LL XX PP HH LO PS HL PT PU PX LT LU LX HT UH UO UP US UT UX FF FH B F FO FP L FS FT O P FX OB S SH OF X SL OH SO OL SP SS OO ST OP SU OS OT SX OX XB XF PB PF LB PH XP HB LF XT PL HF 
92: LL PS LP PT PU LS HO HP LU HS LX HU UB UF UH UL UO UP US UT UX FF FH BF F H FO L BP O BT FX OB SH X SL SO SP SS ST OP SU OS OT OU OX PF PH XP HB XS HF PO 
93: HH LL PP PT HL PU HO PX LT HP LU HT LX UB HU HX UL UO UP UU UX FB FH B FL H L BO FT BP FU O SB FX BT OB S U SH OF SL OL SS ST OP OS SX OT OU OX XB XF XH PB XL LB PF XO XP LF HB PL XT HF PO 
94: HH XX PP LL PS LP PT PU LT PX HP LU HS HT LX UB HX UF UL UP US UT B BF F FL FO O SB BT FX OB U BX OF X SL SO OL SP OO SS OP ST OS SX OX XB XF XH PB PF LB PH XP LF HB PL LH XU PO 
95: HH LL PP LO PT PU PX HP HU UB HX UH UT UU FB FF FH B BF FL H FO FP BL L FS FT BP SB P FX SF S OB U OF X OH SL SP SS ST SU OS OT SX XB XF XH PB PF LB XP PH LF HB PL LH XT XU PO 
96: HH PP XX LO PT PU HO HP PX LU HS HT LX HU UH UL UP UU B BF FL F H FP L FS FT FU O SB P FX BT SF S U SH OF X OH SL SO SP SS ST SU OS OU XB XH PB PF LH XT PL HF PO 
97: LL PS LO LP PU HO LS PX LT LU LX HT UF UP US UT UU UX FH FL H FO L FS BO FT BP O SB FU P BS FX S OB U SH SL OH SO SP SS OO ST OS OT OU OX XB XF PB XL LB PF XP PH HB LF XS LH HF PO 
98: XX HH PP HL HO LS LT LU HT HU UB HX UF UL UP US UX FB FF FH B BF F BH H FO FP BL FS BO FT FU SB O BS S SF OB SH U OF SL SO OL SP ST OP SU OS SX OX XB XF XH PF XO PH LF XS XT XU HF PO 
99: XX LL PP PT HL LS HP LT LU LX HT HU HX UF UH UO UP US UU FB BB FF FH FL F BH FO FP L FS BO FT FU O P BS FX BT OB SF U BX OF X SL SO SP OO SS OP SU OS OT SX OU OX XF XH XL LB PF XO LF XS PL XT XU HF 
TPFOXLUSHB
